[backblue.gif]
[fade.gif]
[index.html]
[engo.test/feed/]
[engo.test/comments/feed/]
[engo.test/wp-includes/js/jquery/jquery.minf43b.js]
[engo.test/wp-includes/js/jquery/jquery-migrate.min5589.js]
[engo.test/wp-json/]
[engo.test/xmlrpc0db0.php]
[engo.test/wp-json/oembed/1.0/embed8b85.json]
[engo.test/wp-json/wp/v2/pages/8.json]
[engo.test/wp-json/oembed/1.0/embedd44c]
[engo.test/wp-content/uploads/theplus-addons/theplus-post-8.min22e0.js]
[engo.test/wp-content/uploads/2024/10/img1.png]
[engo.test/]
[engo.test/wp-content/uploads/2024/10/highlight-img1.png]
[engo.test/wp-content/uploads/2024/10/highlight-img2-1.png]
[engo.test/wp-admin/admin-ajax.html]
[engo.test/wp-admin/admin-post.html]
[engo.test/wp-content/uploads/2024/10/highlight-img3.png]
[engo.test/wp-content/uploads/2024/10/cta-3d2.png]
[engo.test/wp-content/uploads/2024/10/cta-3d-1.png]
[engo.test/wp-content/themes/hello-elementor/style.minb12b.css]
[engo.test/wp-content/themes/hello-elementor/theme.minb12b.css]
[engo.test/wp-content/uploads/2024/10/Ellipse-2-4.png]
[engo.test/wp-content/uploads/2024/10/Ellipse-2-5.png]
[engo.test/wp-content/uploads/2024/10/Ellipse-1.png]
[engo.test/wp-content/themes/hello-elementor/header-footer.minb12b.css]
[engo.test/wp-content/uploads/2024/10/medium-shot-smiley-teacher-explaining-scaled.jpg]
[engo.test/wp-content/uploads/elementor/css/custom-frontend.minf489.css]
[engo.test/wp-content/uploads/2024/10/small-girl-thinking-about-foreign-phrases-scaled.jpg]
[engo.test/wp-content/uploads/elementor/css/post-6feec.css]
[engo.test/wp-content/uploads/2024/10/full-shot-smiley-girl-with-tablet-headphones-scaled.jpg]
[engo.test/wp-content/themes/hello-elementor/assets/js/hello-frontend.minb12b.js]
[engo.test/wp-content/plugins/elementor/assets/css/widget-image.min52dd.css]
[engo.test/wp-content/plugins/elementor-pro/assets/lib/smartmenus/jquery.smartmenus.min1576.js]
[engo.test/wp-content/plugins/elementor-pro/assets/lib/sticky/jquery.sticky.min57a7.js]
[engo.test/wp-content/uploads/elementor/css/custom-pro-widget-nav-menu.minfeec.css]
[engo.test/wp-content/plugins/elementor/assets/lib/jquery-numerator/jquery-numerator.min3958.js]
[engo.test/wp-includes/js/imagesloaded.minbb93.js]
[engo.test/wp-content/plugins/elementor/assets/css/widget-social-icons.min52dd.css]
[engo.test/wp-content/plugins/elementor-pro/assets/js/webpack-pro.runtime.min57a7.js]
[engo.test/wp-content/uploads/elementor/css/custom-apple-webkit.minf489.css]
[engo.test/wp-content/plugins/elementor/assets/js/webpack.runtime.min52dd.js]
[engo.test/wp-includes/js/dist/hooks.min2757.js]
[engo.test/wp-content/plugins/elementor/assets/js/frontend-modules.min52dd.js]
[engo.test/wp-content/plugins/elementor/assets/css/widget-text-editor.min52dd.css]
[engo.test/wp-content/plugins/elementor/assets/lib/eicons/css/elementor-icons.min0fd8.css]
[engo.test/wp-content/plugins/elementor-pro/assets/js/frontend.min57a7.js]
[engo.test/wp-includes/js/jquery/ui/core.minb37e.js]
[engo.test/wp-includes/js/dist/i18n.minc33c.js]
[engo.test/wp-content/plugins/elementor/assets/css/widget-floating-buttons.min52dd.css]
[engo.test/wp-content/plugins/elementor/assets/js/frontend.min52dd.js]
[engo.test/wp-content/plugins/elementor/assets/lib/animations/styles/e-animation-grow.min52dd.css]
[engo.test/wp-content/plugins/elementor-pro/assets/js/elements-handlers.min57a7.js]
[engo.test/wp-content/plugins/the-plus-addons-for-elementor-page-builder/assets/css/main/plus-extra-adv/plus-extra-adv.min012b.css]
[engo.test/wp-content/plugins/elementor/assets/lib/eicons/fonts/eicons9d5b.eot]
[engo.test/wp-content/uploads/theplus-addons/theplus-preload-post-8-8.min012b.css]
[engo.test/wp-content/plugins/elementor/assets/lib/eicons/fonts/eicons9d5b.woff2]
[engo.test/wp-content/plugins/elementor/assets/lib/swiper/v8/css/swiper.min94a4.css]
[engo.test/wp-content/plugins/elementor/assets/lib/eicons/fonts/eicons9d5b.woff]
[engo.test/wp-content/plugins/elementor/assets/css/conditionals/e-swiper.min52dd.css]
[engo.test/wp-content/plugins/elementor/assets/lib/eicons/fonts/eicons9d5b.ttf]
[engo.test/wp-content/uploads/elementor/css/custom-pro-frontend.minfeec.css]
[engo.test/wp-content/uploads/elementor/css/global72cf.css]
[engo.test/wp-content/plugins/elementor/assets/css/widget-heading.min52dd.css]
[engo.test/wp-content/plugins/elementor/assets/lib/animations/styles/fadeIn.min52dd.css]
[engo.test/wp-content/uploads/elementor/css/custom-widget-image-box.minf489.css]
[engo.test/wp-content/plugins/elementor/assets/lib/animations/styles/fadeInUp.min52dd.css]
[engo.test/wp-content/plugins/elementor/assets/css/widget-counter.min52dd.css]
[engo.test/wp-content/plugins/elementor/assets/css/widget-nested-accordion.min52dd.css]
[engo.test/wp-content/uploads/elementor/css/custom-widget-icon-box.minf489.css]
[engo.test/wp-content/plugins/elementor-pro/assets/css/widget-carousel.min57a7.css]
[engo.test/wp-content/plugins/elementor-pro/assets/css/widget-posts.min57a7.css]
[engo.test/wp-content/uploads/elementor/css/post-8012b.css]
[engo.test/wp-content/uploads/elementor/css/post-32feec.css]
[engo.test/wp-content/uploads/2024/10/pikaso_text-to-image_Candid-image-photography-natural-textures-highly-r-1.jpg]
[engo.test/wp-content/uploads/2024/10/hero-bg.png]
[engo.test/wp-content/uploads/2024/10/boy-cartoon-character-running-books-scaled.jpg]
[engo.test/wp-content/uploads/2024/10/overlay-round-bg.png]
[engo.test/wp-content/uploads/elementor/css/post-417feec.css]
[engo.test/wp-content/uploads/2024/10/pikaso_edit-1-copy-1.png]
[engo.test/wp-content/uploads/elementor/css/post-1789c78c.css]
[engo.test/wp-content/uploads/2024/10/freepik__candid-image-photography-natural-textures-highly-r__16259.jpg]
[engo.test/wp-content/uploads/elementor/css/post-178395e4.css]
[engo.test/wp-content/uploads/2024/10/pikaso_edit_1-1.jpg]
[engo.test/wp-content/uploads/2024/10/engo-favicon.svg]
[engo.test/wp-content/uploads/2024/10/freepik__a-group-of-diverse-instructors-or-learners-engaged__42354-1.jpg]
[engo.test/wp-content/uploads/2024/10/engo-logo.svg]
[engo.test/wp-json/wp/v2/pages/900.json]
[engo.test/wp-json/oembed/1.0/embed016e.json]
[engo.test/wp-json/oembed/1.0/embeda5d7]
[engo.test/wp-content/uploads/2024/10/blogger-with-headset-pointing-up-scaled.jpg]
[engo.test/wp-content/uploads/2024/10/image-15.png]
[engo.test/wp-content/uploads/theplus-addons/theplus-post-900.min6b3a.js]
[engo.test/courses/engo-junior/]
[engo.test/wp-json/wp/v2/pages/1040.json]
[engo.test/wp-json/oembed/1.0/embed0a4b.json]
[engo.test/wp-json/oembed/1.0/embedd956]
[engo.test/wp-content/uploads/theplus-addons/theplus-post-1040.min6b3a.js]
[engo.test/courses/engo-standard/]
[engo.test/wp-json/wp/v2/pages/1183.json]
[engo.test/wp-json/oembed/1.0/embed91f7.json]
[engo.test/wp-json/oembed/1.0/embedf4e7]
[engo.test/wp-content/uploads/theplus-addons/theplus-post-1183.mind802.js]
[engo.test/courses/engo-business/]
[engo.test/level-test/]
[engo.test/wp-json/wp/v2/pages/23.json]
[engo.test/wp-json/oembed/1.0/embed95ab.json]
[engo.test/wp-content/uploads/2024/10/Group-90.png]
[engo.test/wp-json/oembed/1.0/embeddcf3]
[engo.test/wp-json/wp/v2/pages/24.json]
[engo.test/about-us/]
[engo.test/wp-json/oembed/1.0/embede0be.json]
[engo.test/wp-content/uploads/2024/10/Rectangle-62.png]
[engo.test/wp-json/oembed/1.0/embed3adb]
[engo.test/wp-content/uploads/2024/10/Rectangle-63.png]
[engo.test/wp-content/uploads/2024/10/Rectangle-64.png]
[engo.test/blog/]
[engo.test/wp-json/oembed/1.0/embedab52.json]
[engo.test/wp-json/wp/v2/pages/25.json]
[engo.test/contact-us/]
[engo.test/2024/10/24/the-importance-of-english-grammar/]
[engo.test/wp-json/oembed/1.0/embed699c]
[engo.test/wp-json/oembed/1.0/embedc122.json]
[engo.test/wp-json/wp/v2/pages/26.json]
[engo.test/2024/10/24/how-to-choose-the-right-english-language-course/]
[engo.test/wp-json/oembed/1.0/embed13ea]
[engo.test/2024/10/24/5-tips-for-speaking-english-fluently-with-confidence/]
[engo.test/2024/10/24/the-importance-of-english-grammar/feed/]
[engo.test/wp-json/wp/v2/posts/386.json]
[engo.test/wp-content/uploads/elementor/css/post-15522e0.css]
[engo.test/wp-json/oembed/1.0/embed5d92.json]
[engo.test/wp-content/uploads/elementor/css/post-191950e.css]
[engo.test/wp-json/oembed/1.0/embed6aee]
[engo.test/2024/10/24/how-to-choose-the-right-english-language-course/feed/]
[engo.test/wp-content/uploads/elementor/css/post-202c81c.css]
[engo.test/wp-json/wp/v2/posts/383.json]
[engo.test/wp-json/oembed/1.0/embeda863.json]
[engo.test/wp-content/plugins/elementor/assets/lib/eicons/fonts/eicons9d5b.svg]
[engo.test/wp-json/oembed/1.0/embed7a54]
[engo.test/2024/10/24/5-tips-for-speaking-english-fluently-with-confidence/feed/]
[engo.test/wp-content/plugins/the-plus-addons-for-elementor-page-builder/assets/css/main/plus-extra-adv/plus-extra-adv.min950e.css]
[engo.test/wp-json/wp/v2/posts/379.json]
[engo.test/wp-content/uploads/2024/10/pikaso_edit_1.jpg]
[engo.test/wp-content/uploads/theplus-addons/theplus-preload-post-900-900.min950e.css]
[engo.test/wp-json/oembed/1.0/embed0905.json]
[engo.test/wp-content/uploads/elementor/css/custom-widget-icon-list.minf489.css]
[engo.test/wp-content/uploads/2024/10/freepik__a-group-of-diverse-instructors-or-learners-engaged__42354.jpg]
[engo.test/wp-json/oembed/1.0/embedf81d]
[engo.test/wp-content/uploads/elementor/css/post-900950e.css]
[engo.test/index76da.html]
[engo.test/wp-content/plugins/the-plus-addons-for-elementor-page-builder/assets/css/main/plus-extra-adv/plus-extra-adv.minc81c.css]
[engo.test/wp-content/uploads/theplus-addons/theplus-preload-post-1040-1040.minc81c.css]
[engo.test/wp-content/uploads/elementor/css/post-1040c81c.css]
[engo.test/wp-content/uploads/2024/10/freepik__candid-image-photography-natural-textures-highly-r__40457.jpg]
[engo.test/index2b79.html]
[engo.test/wp-content/uploads/2024/10/freepik__candid-image-photography-natural-textures-highly-r__16260.jpg]
[engo.test/wp-content/plugins/the-plus-addons-for-elementor-page-builder/assets/css/main/plus-extra-adv/plus-extra-adv.min221c.css]
[engo.test/wp-content/uploads/theplus-addons/theplus-preload-post-1183-1183.min221c.css]
[engo.test/wp-content/uploads/elementor/css/post-1183221c.css]
[engo.test/index6836.html]
[engo.test/wp-content/uploads/theplus-addons/theplus-preload-post-23-23.min012b.css]
[engo.test/wp-content/uploads/elementor/css/post-23012b.css]
[engo.test/index40a0.html]
[engo.test/wp-content/plugins/elementor/assets/lib/animations/styles/fadeInRight.min52dd.css]
[engo.test/wp-content/uploads/elementor/css/post-24bf24.css]
[engo.test/index2cf9.html]
[engo.test/wp-content/uploads/elementor/css/post-256645.css]
[engo.test/wp-content/uploads/2024/10/freepik__candid-image-photography-natural-textures-highly-r__42353.jpg]
[engo.test/wp-content/uploads/2024/10/freepik__candid-image-photography-natural-textures-highly-r__4596.jpg]
[engo.test/index970c.html]
[engo.test/wp-content/plugins/elementor-pro/assets/css/widget-forms.min57a7.css]
[engo.test/wp-content/uploads/elementor/css/post-262fa4.css]
[engo.test/index88b9.html]
[engo.test/wp-includes/css/dist/block-library/style.min109c.css]
[engo.test/wp-content/uploads/elementor/css/post-15717b3d.css]
[engo.test/index2023.html]
[engo.test/index3f97.html]
[engo.test/index60bd.html]
